// Jest Snapshot v1, https://goo.gl/fbAQLP

exports[`<Playlists /> renders no list item when the playlists object is empyt 1`] = `
<ul
  className="MuiList-root-1 MuiList-padding-2"
>
  <div />
</ul>
`;

exports[`<Playlists /> renders the playlist names 1`] = `
<ul
  className="MuiList-root-1 MuiList-padding-2"
>
  <div>
    <li
      className="MuiButtonBase-root-15 MuiListItem-root-5 MuiListItem-gutters-12 MuiListItem-button-13 MuiListItem-default-8"
      disabled={false}
      onBlur={[Function]}
      onClick={[Function]}
      onFocus={[Function]}
      onKeyDown={[Function]}
      onKeyUp={[Function]}
      onMouseDown={[Function]}
      onMouseLeave={[Function]}
      onMouseUp={[Function]}
      onTouchEnd={[Function]}
      onTouchMove={[Function]}
      onTouchStart={[Function]}
      role="button"
      tabIndex={0}
    >
      <svg
        aria-hidden="true"
        className="MuiSvgIcon-root-18 MuiListItemIcon-root-17"
        focusable="false"
        viewBox="0 0 24 24"
      >
        <path
          d="M19 9H2v2h17V9zm0-4H2v2h17V5zM2 15h13v-2H2v2zm15-2v6l5-3-5-3z"
        />
      </svg>
      <div
        className="MuiListItemText-root-19"
      >
        <h3
          className="MuiTypography-root-24 MuiTypography-subheading-31 MuiListItemText-text-22"
        >
          Blogged 50
        </h3>
      </div>
      <span
        className="MuiTouchRipple-root-48"
      />
    </li>
    <li
      className="MuiButtonBase-root-15 MuiListItem-root-5 MuiListItem-gutters-12 MuiListItem-button-13 MuiListItem-default-8"
      disabled={false}
      onBlur={[Function]}
      onClick={[Function]}
      onFocus={[Function]}
      onKeyDown={[Function]}
      onKeyUp={[Function]}
      onMouseDown={[Function]}
      onMouseLeave={[Function]}
      onMouseUp={[Function]}
      onTouchEnd={[Function]}
      onTouchMove={[Function]}
      onTouchStart={[Function]}
      role="button"
      tabIndex={0}
    >
      <svg
        aria-hidden="true"
        className="MuiSvgIcon-root-18 MuiListItemIcon-root-17"
        focusable="false"
        viewBox="0 0 24 24"
      >
        <path
          d="M19 9H2v2h17V9zm0-4H2v2h17V5zM2 15h13v-2H2v2zm15-2v6l5-3-5-3z"
        />
      </svg>
      <div
        className="MuiListItemText-root-19"
      >
        <h3
          className="MuiTypography-root-24 MuiTypography-subheading-31 MuiListItemText-text-22"
        >
          Thumbs up
        </h3>
      </div>
      <span
        className="MuiTouchRipple-root-48"
      />
    </li>
  </div>
</ul>
`;
